0 verbose cli D:\StudyApps\nodejs\node.exe D:\StudyApps\nodejs\node_global\node_modules\npm\bin\npm-cli.js
1 info using npm@11.14.1
2 info using node@v22.21.1
3 silly config load:file:D:\StudyApps\nvm\v22.21.1\node_global\node_modules\npm\npmrc
4 silly config load:file:D:\Users\Jiuxiao\Documents\MyProjects\pdfmarker\.npmrc
5 silly config load:file:C:\Users\Jiuxiao\.npmrc
6 silly config load:file:D:\StudyApps\nodejs\node_global\etc\npmrc
7 verbose title npm install
8 verbose argv "install"
9 verbose logfile logs-max:10 dir:D:\Users\Jiuxiao\Documents\MyProjects\pdfmarker\.npm-cache\_logs\2026-07-17T13_04_52_091Z-
10 verbose logfile D:\Users\Jiuxiao\Documents\MyProjects\pdfmarker\.npm-cache\_logs\2026-07-17T13_04_52_091Z-debug-0.log
11 silly logfile done cleaning log files
12 silly packumentCache heap:4345298944 maxSize:1086324736 maxEntrySize:543162368
13 silly idealTree buildDeps
14 silly reify moves {}
15 verbose stack Error: Could not read package.json: Error: ENOENT: no such file or directory, open 'D:\Users\Jiuxiao\Documents\MyProjects\pdfmarker\package.json'
15 verbose stack     at async open (node:internal/fs/promises:641:25)
15 verbose stack     at async readFile (node:internal/fs/promises:1245:14)
15 verbose stack     at async read (D:\StudyApps\nvm\v22.21.1\node_global\node_modules\npm\node_modules\@npmcli\package-json\lib\read-package.js:9:18)
15 verbose stack     at async PackageJson.load (D:\StudyApps\nvm\v22.21.1\node_global\node_modules\npm\node_modules\@npmcli\package-json\lib\index.js:131:31)
15 verbose stack     at async PackageJson.normalize (D:\StudyApps\nvm\v22.21.1\node_global\node_modules\npm\node_modules\@npmcli\package-json\lib\index.js:117:5)
15 verbose stack     at async runScript (D:\StudyApps\nvm\v22.21.1\node_global\node_modules\npm\node_modules\@npmcli\run-script\lib\run-script.js:11:28)
15 verbose stack     at async Install.exec (D:\StudyApps\nvm\v22.21.1\node_global\node_modules\npm\lib\commands\install.js:162:9)
15 verbose stack     at async Npm.exec (D:\StudyApps\nvm\v22.21.1\node_global\node_modules\npm\lib\npm.js:193:9)
15 verbose stack     at async module.exports (D:\StudyApps\nvm\v22.21.1\node_global\node_modules\npm\lib\cli\entry.js:67:5)
16 error code ENOENT
17 error syscall open
18 error path D:\Users\Jiuxiao\Documents\MyProjects\pdfmarker\package.json
19 error errno -4058
20 error enoent Could not read package.json: Error: ENOENT: no such file or directory, open 'D:\Users\Jiuxiao\Documents\MyProjects\pdfmarker\package.json'
21 error enoent This is related to npm not being able to find a file.
21 error enoent
22 verbose cwd D:\Users\Jiuxiao\Documents\MyProjects\pdfmarker
23 verbose os Windows_NT 10.0.26200
24 verbose node v22.21.1
25 verbose npm  v11.14.1
26 verbose exit -4058
27 verbose code -4058
28 error A complete log of this run can be found in: D:\Users\Jiuxiao\Documents\MyProjects\pdfmarker\.npm-cache\_logs\2026-07-17T13_04_52_091Z-debug-0.log
